// Jest Snapshot v1, https://goo.gl/fbAQLP

exports[`Pruebas en <HookApp /> Debe mostrarse correctamente 1`] = `
<div>
  <h1>
    Hooks en React JS
  </h1>
</div>
`;
